
> openlab-frontend@1.0.0 build
> vite build

[36mvite v5.4.21 [32mbuilding for production...[36m[39m
transforming...
[32mΓ£ô[39m 1948 modules transformed.
rendering chunks...
computing gzip size...
[2mdist/[22m[32mindex.html                                 [39m[1m[2m  0.84 kB[22m[1m[22m[2m Γöé gzip:   0.45 kB[22m
[2mdist/[22m[35massets/index-CruWzRBc.css                  [39m[1m[2m 57.61 kB[22m[1m[22m[2m Γöé gzip:   9.13 kB[22m
[2mdist/[22m[36massets/purify.es-C_uT9hQ1.js               [39m[1m[2m 21.98 kB[22m[1m[22m[2m Γöé gzip:   8.74 kB[22m
[2mdist/[22m[36massets/jspdf.plugin.autotable-5EJSDhBf.js  [39m[1m[2m 39.56 kB[22m[1m[22m[2m Γöé gzip:  12.78 kB[22m
[2mdist/[22m[36massets/index.es-CPgf4P6i.js                [39m[1m[2m150.51 kB[22m[1m[22m[2m Γöé gzip:  51.47 kB[22m
[2mdist/[22m[36massets/html2canvas.esm-CBrSDip1.js         [39m[1m[2m201.42 kB[22m[1m[22m[2m Γöé gzip:  48.03 kB[22m
[2mdist/[22m[36massets/index-D1IvdKls.js                   [39m[1m[2m348.48 kB[22m[1m[22m[2m Γöé gzip: 101.96 kB[22m
[2mdist/[22m[36massets/jspdf.es.min-B8WMWzZo.js            [39m[1m[2m357.70 kB[22m[1m[22m[2m Γöé gzip: 118.00 kB[22m
[32mΓ£ô built in 4.64s[39m
